// install_quagga-0.99.21mr2.2_on_android-x86_64_in_Fedora23.txt
------------------------------------------------------------------------------------------------
------------------------------------------------------------------------------------------------
cross compile quagga-0.99.21mr2.2 for android-x86_64 in Fedora23
quagga-0.99.21mr2.2 can be got from http://downloads.pf.itd.nrl.navy.mil/ospf-manet/
------------------------------------------------------------------------------------------------
------------------------------------------------------------------------------------------------

----------------------------------------------------------------------------------------
www.nrl.navy.mil —— OSPF MANET Designated Routers (OSPF-MDR) Implementation 
----------------------------------------------------------------------------------------
wget http://downloads.pf.itd.nrl.navy.mil/ospf-manet/nightly_snapshots/quagga-svnsnap.tgz
wget https://www.busybox.net/downloads/binaries/busybox-i686
----------------------------------------------------------------------------------------

[root@localhost quagga]# pwd
/opt/android-on-linux/quagga
[root@localhost quagga]# make clean

[root@localhost quagga]# ./bootstrap.sh 

++++++++++++++++++ Issues
[root@localhost quagga]# gedit lib/zebra.h

//#include <sys/fcntl.h>
#include <fcntl.h>
++++++++++++++++++
xorp/libxorp/ipv4.hh:471:48: error: macro "static_assert" requires 2 arguments, but only 1 given
xorp/libxorp/ipv6.hh:425:52: error: macro "static_assert" requires 2 arguments, but only 1 given

[root@localhost quagga]# gedit ./xpimd/xorp/libxorp/ipv4.hh

	//static_assert(sizeof(IPv4) == sizeof(uint32_t));
	static_assert(sizeof(IPv4) == sizeof(uint32_t), "");

[root@localhost quagga]# gedit ./xpimd/xorp/libxorp/ipv6.hh

	//static_assert(sizeof(IPv6) == 4 * sizeof(uint32_t));
	static_assert(sizeof(IPv6) == 4 * sizeof(uint32_t), "");

[root@localhost quagga]# gedit ./xpimd/xorp/libxorp/ipvx.cc ./xpimd/xorp/libxorp/selector.cc ./xpimd/xorp/libproto/packet.hh
	//static_assert(*);

[root@localhost quagga]# gedit ./xpimd/xorp/libxorp/utility.h
	//#define UNUSED(var)	static_assert(sizeof(var) != 0)
	#define UNUSED(var)	static_assert(sizeof(var) != 0, "")

[root@localhost quagga]# gedit ./xpimd/xorp/libxorp/ipv6.cc
    //static_assert(sizeof(_addr) == sizeof(tmp_addr));
    static_assert(sizeof(_addr) == sizeof(tmp_addr), "");

--------------
/opt/android-on-linux/android-ndk-r12/sources/cxx-stl/llvm-libc++/libcxx/include/__config:598:0: note: this is the location of the previous definition
 #define static_assert(__b, __m) \
--------------
++++++++++++++++++
xorp/fea/mfea_proto_comm.cc:1657:46: error: invalid conversion from 'void*' to 'const uint8_t* {aka const unsigned char*}' [-fpermissive]
   int_val = extract_host_int(CMSG_DATA(cmsgp));
-----

/opt/android-on-linux/android-ndk-r12/platforms/android-23/arch-x86/usr/include/sys/socket.h:112:0: note: this is the location of the previous definition
 #define CMSG_DATA(cmsg) ((void*)((char*)(cmsg) + CMSG_ALIGN(sizeof(struct cmsghdr))))

[root@localhost quagga]# gedit ./xpimd/xorp/fea/mfea_proto_comm.cc
	// add the following lines

	#define CMSG_DATA(cmsg) ((uint8_t*)((char*)(cmsg) + CMSG_ALIGN(sizeof(struct cmsghdr))))
#ifndef CMSG_LEN

#else // ! HAVE_RFC3542
	#undef HAVE_IPV6_MULTICAST_ROUTING

++++++++++++++++++++++
xorp/pim/pim_mrt_task.cc:185:14: error: ambiguous overload for 'operator!=' (operand types are 'std::__ndk1::list<PimMreTask*>::reverse_iterator {aka std::__ndk1::reverse_iterator<std::__ndk1::__list_iterator<PimMreTask*, void*> >}' and 'std::__ndk1::list<PimMreTask*>::reverse_iterator {aka std::__ndk1::reverse_iterator<std::__ndk1::__list_iterator<PimMreTask*, void*> >}')
     if (iter != pim_mre_task_list().rend()) {
              ^
xorp/pim/pim_mrt_task.cc:185:14: note: candidates are:
In file included from /opt/android-on-linux/android-ndk-r12/sources/cxx-stl/llvm-libc++/libcxx/include/memory:604:0,
                 from /opt/android-on-linux/android-ndk-r12/sources/cxx-stl/llvm-libc++/libcxx/include/algorithm:628,
                 from /opt/android-on-linux/android-ndk-r12/sources/cxx-stl/llvm-libc++/libcxx/include/string:439,
                 from /opt/android-on-linux/android-ndk-r12/sources/cxx-stl/llvm-libc++/libcxx/include/__locale:15,
                 from /opt/android-on-linux/android-ndk-r12/sources/cxx-stl/llvm-libc++/libcxx/include/ios:216,
                 from /opt/android-on-linux/android-ndk-r12/sources/cxx-stl/llvm-libc++/libcxx/include/iostream:38,
                 from xorp/libxorp/xorp.h:35,
                 from xorp/pim/pim_mrt_task.cc:23:
/opt/android-on-linux/android-ndk-r12/sources/cxx-stl/llvm-libc++/libcxx/include/iterator:593:1: note: bool std::__ndk1::operator!=(const std::__ndk1::reverse_iterator<_Iter1>&, const std::__ndk1::reverse_iterator<_Iter2>&) [with _Iter1 = std::__ndk1::__list_iterator<PimMreTask*, void*>; _Iter2 = std::__ndk1::__list_iterator<PimMreTask*, void*>]
 operator!=(const reverse_iterator<_Iter1>& __x, const reverse_iterator<_Iter2>& __y)
 ^
In file included from /opt/android-on-linux/android-ndk-r12/sources/cxx-stl/llvm-libc++/libcxx/include/algorithm:627:0,
                 from /opt/android-on-linux/android-ndk-r12/sources/cxx-stl/llvm-libc++/libcxx/include/string:439,
                 from /opt/android-on-linux/android-ndk-r12/sources/cxx-stl/llvm-libc++/libcxx/include/__locale:15,
                 from /opt/android-on-linux/android-ndk-r12/sources/cxx-stl/llvm-libc++/libcxx/include/ios:216,
                 from /opt/android-on-linux/android-ndk-r12/sources/cxx-stl/llvm-libc++/libcxx/include/iostream:38,
                 from xorp/libxorp/xorp.h:35,
                 from xorp/pim/pim_mrt_task.cc:23:
/opt/android-on-linux/android-ndk-r12/sources/cxx-stl/llvm-libc++/libcxx/include/utility:172:1: note: bool std::__ndk1::rel_ops::operator!=(const _Tp&, const _Tp&) [with _Tp = std::__ndk1::reverse_iterator<std::__ndk1::__list_iterator<PimMreTask*, void*> >]
 operator!=(const _Tp& __x, const _Tp& __y)
 ^
------------
[root@localhost quagga]# gedit ./xpimd/xorp/pim/pim_mrt_task.cc		 (four places)

    //if (iter != pim_mre_task_list().rend()) {
    if (!(iter == pim_mre_task_list().rend())) {

++++++++++++++++++++++
[root@localhost quagga]# gedit ./xpimd/xorp/pim/pim_vif.cc

#include <netinet/ip6.h>
#include <netinet/in.h>

++++++++++++++++++++++
zebra_client.cc:186: error: undefined reference to 'zcalloc(int, unsigned int)'
zebra_client.cc:242: error: undefined reference to 'zfree(int, void*)'

[root@localhost quagga]# gedit xpimd/zebra_client.cc 

#if 1 /* set to 1 to use system alloc directly */
#undef XMALLOC
#undef XCALLOC
#undef XREALLOC
#undef XFREE
#define XMALLOC(T,S) malloc((S))
#define XCALLOC(T,S) calloc(1, (S))
#define XREALLOC(T,P,S) realloc((P),(S))
#define XFREE(T,P) free((P))
#endif

++++++++++++++++++++++
zebra_router.cc:48: error: undefined reference to 'memory_init()'

[root@localhost quagga]# gedit xpimd/zebra_router.cc

    vty_init(master);
    //memory_init();

++++++++++++++++++++++
../lib/.libs/libzebra.so: error: undefined reference to 'crypt'

download from (libcrypt.so.1) https://sourceforge.net/p/android-x86/bootable_newinstaller/ci/9a49bb368ac83fa339678d259ec2c6c668267db8/tree/initrd/lib/libcrypt.so.1?format=raw

cp libcrypt.so.1 /opt/android-on-linux/android-ndk-r12/platforms/android-23/arch-x86/usr/lib/libcrypt.so

++++++++++++++++++++++



-------------------------------------------------------
android-ndk-r12 + android-23 + x86-4.9 (static linked), failed
-------------------------------------------------------

[root@localhost quagga]# 

./bootstrap.sh 


make clean

export NDK_ROOT="/opt/android-on-linux/android-ndk-r12"
export SYSROOT="$NDK_ROOT/platforms/android-23/arch-x86"
export CFLAGS="-g --pipe --sysroot=$SYSROOT -I$NDK_ROOT/toolchains/x86-4.9/prebuilt/linux-x86_64/lib/gcc/i686-linux-android/4.9.x/include-fixed/ -I$NDK_ROOT/platforms/android-23/arch-x86/usr/include -I$NDK_ROOT/sources/cxx-stl/llvm-libc++/libcxx/include/ -I$NDK_ROOT/sources/android/support/include/"
export CPPFLAGS="$CFLAGS"
export CXXFLAGS="$CFLAGS"

export LDFLAGS="--sysroot=$SYSROOT -L$NDK_ROOT/platforms/android-23/arch-x86/usr/lib/ -L$NDK_ROOT/sources/cxx-stl/stlport/libs/x86 -L$NDK_ROOT/sources/cxx-stl/llvm-libc++/libs/x86 -L$NDK_ROOT/sources/cxx-stl/gnu-libstdc++/4.9/libs/x86 -Wl,-dy -lcrypt -Wl,-dn -lstlport_static -lc++ -lm -lc"		((can not work))

export CPATH="/opt/android-on-linux/android-ndk-r12/toolchains/x86-4.9/prebuilt/linux-x86_64/bin"
export CPP="$CPATH/i686-linux-android-cpp"
export CXX="$CPATH/i686-linux-android-g++"
export CC="$CPATH/i686-linux-android-gcc"
export LD="$CPATH/i686-linux-android-ld"
export AR="$CPATH/i686-linux-android-ar"

./configure --enable-user=root --enable-group=root --host=i686-android-linux --exec-prefix=/opt/android-on-linux/quagga/out --prefix=/opt/android-on-linux/quagga/out

make -j4

-----------------------------------------------------
http://blog.csdn.net/ztguang/article/details/51030002

// -Wl,-dn -lLibraries -lWorkflowEngineD -lxerces-c -lsqlite -lstdc++ -lc -lstlport_static -Wl,-dy
// -Wl,-dy -lc -ldl -lstlport -lstdc++ -Wl,-dn
// -Wl,-v -Wl,-dy -lcrypt -Wl,-dn
-----------------------------------------------------

echo "ac_cv_func_realloc_0_nonnull=${ac_cv_func_realloc_0_nonnull=yes}" > arm-linux.cache
echo "ac_cv_func_realloc_works=${ac_cv_func_realloc_works=yes}" >> arm-linux.cache
echo "ac_cv_func_malloc_0_nonnull=${ac_cv_func_malloc_0_nonnull=yes}" >> arm-linux.cache

./configure --enable-user=root --enable-group=root --host=i686-android-linux --enable-vtysh=no --cache-file=arm-linux.cache --exec-prefix=/opt/android-on-linux/quagga/out --prefix=/opt/android-on-linux/quagga/out

make -j4
-----------------------------------------------------


----------------------------------------------------------------------
android-ndk-r10e + android-21 + x86-4.8 (dynamically linked), failed
----------------------------------------------------------------------

make clean

export NDK_ROOT="/opt/android-on-linux/android-ndk-r10e"
export SYSROOT="$NDK_ROOT/platforms/android-21/arch-x86"
export CFLAGS="-g --pipe --sysroot=$SYSROOT -I$NDK_ROOT/toolchains/x86-4.8/prebuilt/linux-x86_64/lib/gcc/i686-linux-android/4.8/include-fixed/ -I$NDK_ROOT/platforms/android-21/arch-x86/usr/include -I$NDK_ROOT/sources/cxx-stl/llvm-libc++/libcxx/include/ -I$NDK_ROOT/sources/android/support/include/"
export CPPFLAGS="$CFLAGS"
export CXXFLAGS="$CFLAGS"
export LDFLAGS="--sysroot=$SYSROOT -L$NDK_ROOT/platforms/android-21/arch-x86/usr/lib/ -L$NDK_ROOT/sources/cxx-stl/stlport/libs/x86 -L$NDK_ROOT/sources/cxx-stl/llvm-libc++/libs/x86 -L$NDK_ROOT/sources/cxx-stl/gnu-libstdc++/4.8/libs/x86 -lstlport_shared -lcrypt -lm -lc++ -lc"
export CPATH="/opt/android-on-linux/android-ndk-r10e/toolchains/x86-4.8/prebuilt/linux-x86_64/bin"
export CPP="$CPATH/i686-linux-android-cpp"
export CXX="$CPATH/i686-linux-android-g++"
export CC="$CPATH/i686-linux-android-gcc"
export LD="$CPATH/i686-linux-android-ld"
export AR="$CPATH/i686-linux-android-ar"

./configure --enable-user=root --enable-group=root --host=i686-android-linux --exec-prefix=/opt/android-on-linux/quagga/out --prefix=/opt/android-on-linux/quagga/out

make -j4

make install

----------------------------------------------------------------------
android-ndk-r19d + android-19 + x86-4.8 (dynamically linked), failed
----------------------------------------------------------------------

make clean

export NDK_ROOT="/opt/android-on-linux/android-ndk-r9d"
export SYSROOT="$NDK_ROOT/platforms/android-19/arch-x86"
export CFLAGS="-g --pipe --sysroot=$SYSROOT -I$NDK_ROOT/toolchains/x86-4.8/prebuilt/linux-x86_64/lib/gcc/i686-linux-android/4.8/include-fixed/ -I$NDK_ROOT/platforms/android-19/arch-x86/usr/include -I$NDK_ROOT/sources/cxx-stl/llvm-libc++/libcxx/include/ -I$NDK_ROOT/sources/android/support/include/"
export CPPFLAGS="$CFLAGS"
export CXXFLAGS="$CFLAGS"
export LDFLAGS="--sysroot=$SYSROOT -L$NDK_ROOT/platforms/android-19/arch-x86/usr/lib/ -L$NDK_ROOT/sources/cxx-stl/stlport/libs/x86 -L$NDK_ROOT/sources/cxx-stl/llvm-libc++/libs/x86 -L$NDK_ROOT/sources/cxx-stl/gnu-libstdc++/4.8/libs/x86 -lstlport_shared -lcrypt -lm -lc++ -lc"
export CPATH="/opt/android-on-linux/android-ndk-r9d/toolchains/x86-4.8/prebuilt/linux-x86_64/bin"
export CPP="$CPATH/i686-linux-android-cpp"
export CXX="$CPATH/i686-linux-android-g++"
export CC="$CPATH/i686-linux-android-gcc"
export LD="$CPATH/i686-linux-android-ld"
export AR="$CPATH/i686-linux-android-ar"

./configure --enable-user=root --enable-group=root --host=i686-android-linux --exec-prefix=/opt/android-on-linux/quagga/out --prefix=/opt/android-on-linux/quagga/out

make -j4

make install



-------------------------------------------------------
Fedora 23, android-ndk-r12 + android-23 + x86-4.9 (dynamically linked), success
-------------------------------------------------------

++++++++++++++++++++++
../lib/.libs/libzebra.so: error: undefined reference to 'crypt'

download from (libcrypt.so.1) https://sourceforge.net/p/android-x86/bootable_newinstaller/ci/9a49bb368ac83fa339678d259ec2c6c668267db8/tree/initrd/lib/libcrypt.so.1?format=raw

cp libcrypt.so.1 /opt/android-on-linux/android-ndk-r12/platforms/android-23/arch-x86/usr/lib/libcrypt.so

/opt/android-on-linux/android-ndk-r12/toolchains/x86-4.9/prebuilt/linux-x86_64/bin/i686-linux-android-readelf -d libcrypt.so

---------------------------------------------
can also find it in android-x86-6.0-rc1
---------------------------------------------
[root@localhost android-x86-6.0-rc1]# pwd 
/run/media/root/158a840e-63fa-4544-b0b8-dc0d40c79241/android-x86/android-x86-6.0-rc1

[root@localhost android-x86-6.0-rc1]# find . -name libcrypt*
./bootable/newinstaller/initrd/lib/libcrypt.so.1

that is:
/run/media/root/158a840e-63fa-4544-b0b8-dc0d40c79241/android-x86/android-x86-6.0-rc1/bootable/newinstaller/initrd/lib/libcrypt.so.1
---------------------------------------------
++++++++++++++++++++++

[root@localhost quagga]# gedit configure

  /* LIBS="-lcrypt $LIBS" */
  LIBS=" $LIBS"

  /* LIBS="-lm $LIBS" */
  LIBS=" $LIBS"
  /* LIBM="-lm" */
  LIBM=""

++++++++++++++++++++++
the following, no use
++++++++++++++++++++++

download libcrypto.so from https://github.com/emileb/OpenSSL-for-Android-Prebuilt

[root@localhost lib]# pwd
/root/桌面/OpenSSL-for-Android-Prebuilt-master/openssl-1.0.2/x86/lib
[root@localhost lib]# cp libcrypto.so /opt/android-on-linux/android-ndk-r12/platforms/android-23/arch-x86/usr/lib/

/opt/android-on-linux/android-ndk-r12/toolchains/x86-4.9/prebuilt/linux-x86_64/bin/i686-linux-android-readelf -d libcrypto.so
++++++++++++++++++++++

[root@localhost quagga]# gedit lib/command.c lib/vty.c 

safe_strerror(errno)  -->  "safe_strerror(errno)"

sed -i "s/__sF/exit/g" `grep "__sF" -rl ./tmp`

sed -i "s/safe_strerror(errno)/\"safe_strerror(errno)\"/g" `grep "safe_strerror(errno)" -rl ./`
sed -i "s/safe_strerror\ (errno)/\"safe_strerror(errno)\"/g" `grep "safe_strerror (errno)" -rl ./`
sed -i "s/\"safe_strerror(errno)\"/safe_strerror(errno)/g" `grep "\"safe_strerror(errno)\"" -rl ./`

sed -i "s/safe_strerror(save_errno)/\"safe_strerror(save_errno)\"/g" `grep "safe_strerror(save_errno)" -rl ./`
sed -i "s/safe_strerror\ (save_errno)/\"safe_strerror(save_errno)\"/g" `grep "safe_strerror (save_errno)" -rl ./`
sed -i "s/\"safe_strerror(save_errno)\"/safe_strerror(save_errno)/g" `grep "\"safe_strerror(save_errno)\"" -rl ./`

sed -i "s/safe_strerror(-errnum)/\"safe_strerror(-errnum)\"/g" `grep "safe_strerror(-errnum)" -rl ./`
sed -i "s/safe_strerror\ (-errnum)/\"safe_strerror(-errnum)\"/g" `grep "safe_strerror (-errnum)" -rl ./`
sed -i "s/\"safe_strerror(-errnum)\"/safe_strerror(-errnum)/g" `grep "\"safe_strerror(-errnum)\"" -rl ./`

sed -i "s/safe_strerror(en)/\"safe_strerror(en)\"/g" `grep "safe_strerror(en)" -rl ./`
sed -i "s/safe_strerror\ (en)/\"safe_strerror(en)\"/g" `grep "safe_strerror (en)" -rl ./`
sed -i "s/\"safe_strerror(en)\"/safe_strerror(en)/g" `grep "\"safe_strerror(en)\"" -rl ./`

sed -i "s/safe_strerror(sockerr)/\"safe_strerror(sockerr)\"/g" `grep "safe_strerror(sockerr)" -rl ./`
sed -i "s/safe_strerror\ (sockerr)/\"safe_strerror(sockerr)\"/g" `grep "safe_strerror (sockerr)" -rl ./`
sed -i "s/\"safe_strerror(sockerr)\"/safe_strerror(sockerr)/g" `grep "\"safe_strerror(sockerr)\"" -rl ./`


++++++++++++++++++++++

root@x86:/ # /system/xbin/quagga/zebra                                         
CANNOT LINK EXECUTABLE: cannot locate symbol "__errno_location" referenced by "/system/lib/libcrypt.so.1"...
1|root@x86:/ # 

-----------------
CANNOT LINK EXECUTABLE: cannot locate symbol

If you get an error like CANNOT LINK EXECUTABLE: cannot locate symbol "signal" referenced by "gatord" on android, please ensure you are using the correct version of the Android ndk: ndk32 for 32-bit targets and ndk64 for 64-bit targets.

++++++++++++++++++++++
[root@localhost quagga]# gedit lib/crypt.c lib/crypt.h

http://blog.csdn.net/ztguang/article/details/51763624

++++++++++++++++++++++

[root@localhost quagga]# gedit lib/command.c

#include <crypt.h>

[root@localhost quagga]# gedit lib/Makefile.am                 // add crypt.c & crypt.h

libzebra_la_SOURCES = \
	network.c pid_output.c getopt.c getopt1.c daemon.c \
	checksum.c vector.c linklist.c vty.c built.c command.c crypt.c \

pkginclude_HEADERS = \
	buffer.h checksum.h command.h crypt.h filter.h getopt.h hash.h \

++++++++++++++++++++++
/opt/android-on-linux/android-ndk-r12/toolchains/x86-4.9/prebuilt/linux-x86_64/bin/../lib/gcc/i686-linux-android/4.9.x/../../../../i686-linux-android/bin/ld: error: ../lib/.libs/libzebra.a(thread.o): multiple definition of 'thread_timer_remain_second'
/opt/android-on-linux/android-ndk-r12/toolchains/x86-4.9/prebuilt/linux-x86_64/bin/../lib/gcc/i686-linux-android/4.9.x/../../../../i686-linux-android/bin/ld: xpimd-zebra_thread.o: previous definition here
-------

[root@localhost quagga]# gedit ./xpimd/zebra_thread.hh ./xpimd/zebra_thread.cc

funcname_  -->  zt_
thread_  -->  zt_thread_

++++++++++++++++++++++

[root@localhost quagga]# 

--------------------------
export LDFLAGS="--sysroot=$SYSROOT -L$NDK_ROOT/platforms/android-23/arch-x86/usr/lib/ -L$NDK_ROOT/sources/cxx-stl/stlport/libs/x86 -L$NDK_ROOT/sources/cxx-stl/llvm-libc++/libs/x86 -L$NDK_ROOT/sources/cxx-stl/gnu-libstdc++/4.9/libs/x86 -lstlport_shared -lcrypt -lm -lc++ -lc"

export LDFLAGS="--sysroot=$SYSROOT -L$NDK_ROOT/platforms/android-23/arch-x86/usr/lib/ -L$NDK_ROOT/sources/cxx-stl/stlport/libs/x86 -L$NDK_ROOT/sources/cxx-stl/llvm-libc++/libs/x86 -L$NDK_ROOT/sources/cxx-stl/gnu-libstdc++/4.9/libs/x86 -lstlport_shared -lm -lc++ -lc"

export LDFLAGS="--sysroot=$SYSROOT -L$NDK_ROOT/platforms/android-23/arch-x86/usr/lib/ -L$NDK_ROOT/sources/cxx-stl/stlport/libs/x86 -L$NDK_ROOT/sources/cxx-stl/llvm-libc++/libs/x86 -lcrypt -Wl,-dn -lstlport_static -lm -lc++ -lc -Wl,-dy"

export LDFLAGS="--sysroot=$SYSROOT -L$NDK_ROOT/platforms/android-23/arch-x86/usr/lib/ -L$NDK_ROOT/sources/cxx-stl/stlport/libs/x86 -L$NDK_ROOT/sources/cxx-stl/llvm-libc++/libs/x86 -static -Wl,-dn -lstlport_static -lm -lc++ -lc -Wl,-dy"

// -Wl,-soname -Wl,libzebra.so -o .libs/libzebra.so


--------------------------
can be successful (dynamically)
--------------------------
export LDFLAGS="--sysroot=$SYSROOT -L$NDK_ROOT/platforms/android-23/arch-x86/usr/lib/ -L$NDK_ROOT/sources/cxx-stl/stlport/libs/x86 -L$NDK_ROOT/sources/cxx-stl/llvm-libc++/libs/x86 -L$NDK_ROOT/sources/cxx-stl/gnu-libstdc++/4.9/libs/x86 -lstlport_shared -lm -lc++ -lc"

export LDFLAGS="--sysroot=$SYSROOT -fPIE -pie -L$NDK_ROOT/platforms/android-23/arch-x86/usr/lib/ -L$NDK_ROOT/sources/cxx-stl/stlport/libs/x86 -L$NDK_ROOT/sources/cxx-stl/llvm-libc++/libs/x86 -L$NDK_ROOT/sources/cxx-stl/gnu-libstdc++/4.9/libs/x86 -lstlport_shared -lm -lc++ -lc"
--------------------------

--------------------------
can be successful (static)
--------------------------
export LDFLAGS="--sysroot=$SYSROOT -L$NDK_ROOT/platforms/android-23/arch-x86/usr/lib/ -L$NDK_ROOT/sources/cxx-stl/stlport/libs/x86 -L$NDK_ROOT/sources/cxx-stl/llvm-libc++/libs/x86 -static -lstlport_static -lm -lc++ -lc"
--------------------------

--------------------------
GCC: -static and -pie are incompatible for x86
--------------------------
Android 5+ —— error: only position independent executables (PIE) are supported.

CFLAGS += -fPIE
LDFLAGS += -fPIE -pie

such as:
export CFLAGS="-I/softdev/arm-libs/include -fPIE"
export CPPLAGS="$CPPFLAGS -fPIE"
export CXXLAGS="$CXXFLAGS -fPIE"
export LDFLAGS="-L/softdev/arm-libs/lib -static -fPIE -pie"
--------------------------


--------------------------
(OK)(OK)(OK) (x86)
--------------------------

-----------------------
export LDFLAGS="--sysroot=$SYSROOT -fPIE -pie -fuse-ld=bfd -L$NDK_ROOT/platforms/android-23/arch-x86/usr/lib/ -L$NDK_ROOT/sources/cxx-stl/stlport/libs/x86 -L$NDK_ROOT/sources/cxx-stl/llvm-libc++/libs/x86 -L$NDK_ROOT/sources/cxx-stl/gnu-libstdc++/4.9/libs/x86 -lstlport_shared -lm -lc++ -lc"
-----------------------

./bootstrap.sh 


make clean

export NDK_ROOT="/opt/android-on-linux/android-ndk-r12"
export SYSROOT="$NDK_ROOT/platforms/android-23/arch-x86"
export CFLAGS="-g --pipe --sysroot=$SYSROOT -fPIE -I$NDK_ROOT/toolchains/x86-4.9/prebuilt/linux-x86_64/lib/gcc/i686-linux-android/4.9.x/include-fixed/ -I$NDK_ROOT/platforms/android-23/arch-x86/usr/include -I$NDK_ROOT/sources/cxx-stl/llvm-libc++/libcxx/include/ -I$NDK_ROOT/sources/android/support/include/"
export CPPFLAGS="$CFLAGS"
export CXXFLAGS="$CFLAGS"
export LDFLAGS="--sysroot=$SYSROOT -fPIE -pie -L$NDK_ROOT/platforms/android-23/arch-x86/usr/lib/ -L$NDK_ROOT/sources/cxx-stl/stlport/libs/x86 -L$NDK_ROOT/sources/cxx-stl/llvm-libc++/libs/x86 -L$NDK_ROOT/sources/cxx-stl/gnu-libstdc++/4.9/libs/x86 -lstlport_shared -lm -lc++ -lc"
export CPATH="/opt/android-on-linux/android-ndk-r12/toolchains/x86-4.9/prebuilt/linux-x86_64/bin"
export CPP="$CPATH/i686-linux-android-cpp"
export CXX="$CPATH/i686-linux-android-g++"
export CC="$CPATH/i686-linux-android-gcc"
export LD="$CPATH/i686-linux-android-ld"
export AR="$CPATH/i686-linux-android-ar"

./configure --enable-user=root --enable-group=root --host=i686-android-linux --exec-prefix=/opt/android-on-linux/quagga/out --prefix=/opt/android-on-linux/quagga/out

----------------------------------------
[root@localhost quagga]# gedit Makefile
//INCLUDES = -I/usr/inet6/include
INCLUDES =
----------------------------------------

make -j4

make install

ll -h out/sbin
ll -h out/lib

adb push out/sbin/ /system/xbin/quagga/
adb push out/lib/libzebra.so /lib/
adb push out/lib/libospf.so /lib/
adb push out/lib/libospfapiclient.so /lib/

----------------------------------------


----------------------------------------------------
(OK)(OK)(OK) (x86) —— android-x86-4.4-r5 (API 19)
----------------------------------------------------

-----------------------
export LDFLAGS="--sysroot=$SYSROOT -fPIE -pie -fuse-ld=bfd -L$NDK_ROOT/platforms/android-19/arch-x86/usr/lib/ -L$NDK_ROOT/sources/cxx-stl/stlport/libs/x86 -L$NDK_ROOT/sources/cxx-stl/llvm-libc++/libs/x86 -L$NDK_ROOT/sources/cxx-stl/gnu-libstdc++/4.9/libs/x86 -lstlport_shared -lm -lc++ -lc"
-----------------------

./bootstrap.sh 


make clean

export NDK_ROOT="/opt/android-on-linux/android-ndk-r12"
export SYSROOT="$NDK_ROOT/platforms/android-19/arch-x86"
export CFLAGS="-g --pipe --sysroot=$SYSROOT -fPIE -I$NDK_ROOT/toolchains/x86-4.9/prebuilt/linux-x86_64/lib/gcc/i686-linux-android/4.9.x/include-fixed/ -I$NDK_ROOT/platforms/android-19/arch-x86/usr/include -I$NDK_ROOT/platforms/android-21/arch-x86/usr/include -I$NDK_ROOT/sources/cxx-stl/llvm-libc++/libcxx/include/ -I$NDK_ROOT/sources/android/support/include/"
export CPPFLAGS="$CFLAGS"
export CXXFLAGS="$CFLAGS"
export LDFLAGS="--sysroot=$SYSROOT -fPIE -pie -L$NDK_ROOT/platforms/android-19/arch-x86/usr/lib/ -L$NDK_ROOT/platforms/android-21/arch-x86/usr/lib/ -L$NDK_ROOT/sources/cxx-stl/stlport/libs/x86 -L$NDK_ROOT/sources/cxx-stl/llvm-libc++/libs/x86 -L$NDK_ROOT/sources/cxx-stl/gnu-libstdc++/4.9/libs/x86 -lstlport_shared -lm -lc++ -lc"
export CPATH="/opt/android-on-linux/android-ndk-r12/toolchains/x86-4.9/prebuilt/linux-x86_64/bin"
export CPP="$CPATH/i686-linux-android-cpp"
export CXX="$CPATH/i686-linux-android-g++"
export CC="$CPATH/i686-linux-android-gcc"
export LD="$CPATH/i686-linux-android-ld"
export AR="$CPATH/i686-linux-android-ar"

./configure --enable-user=root --enable-group=root --host=i686-android-linux --exec-prefix=/opt/android-on-linux/quagga/out --prefix=/opt/android-on-linux/quagga/out

----------------------------------------
[root@localhost quagga]# gedit Makefile
//INCLUDES = -I/usr/inet6/include
INCLUDES =
----------------------------------------

make -j4

make install

ll -h out/sbin
ll -h out/lib

adb push out/sbin/ /system/xbin/quagga/
adb push out/lib/libzebra.so /lib/
adb push out/lib/libospf.so /lib/
adb push out/lib/libospfapiclient.so /lib/

----------------------------------------

[root@localhost quagga]# ll -h out/sbin/
总用量 23M
-rwxr-xr-x. 1 root root 242K 6月  25 21:58 babeld
-rwxr-xr-x. 1 root root 1.6M 6月  25 21:58 bgpd
-rwxr-xr-x. 1 root root 1.1M 6月  25 21:58 ospf6d
-rwxr-xr-x. 1 root root  19K 6月  25 21:58 ospfclient
-rwxr-xr-x. 1 root root  20K 6月  25 21:58 ospfd
-rwxr-xr-x. 1 root root 271K 6月  25 21:58 ripd
-rwxr-xr-x. 1 root root 231K 6月  25 21:58 ripngd
-rwxr-xr-x. 1 root root  51K 6月  25 21:58 watchquagga
-rwxr-xr-x. 1 root root  19M 6月  25 21:58 xpimd
-rwxr-xr-x. 1 root root 390K 6月  25 21:58 zebra
[root@localhost quagga]# 

-----------------------------------------------------



----------------------------------------------------------------------
(OK)(OK)(OK) (x86_64) —— android-x86_64-6.0-rc1 (API 23)
----------------------------------------------------------------------

./bootstrap.sh 


make clean

export NDK_ROOT="/opt/android-on-linux/android-ndk-r12"
export SYSROOT="$NDK_ROOT/platforms/android-23/arch-x86_64"
export CFLAGS="-g --pipe --sysroot=$SYSROOT -fPIE -I$NDK_ROOT/toolchains/x86_64-4.9/prebuilt/linux-x86_64/lib/gcc/x86_64-linux-android/4.9.x/include-fixed/ -I$NDK_ROOT/platforms/android-23/arch-x86_64/usr/include -I$NDK_ROOT/sources/cxx-stl/llvm-libc++/libcxx/include/ -I$NDK_ROOT/sources/android/support/include/"
export CPPFLAGS="$CFLAGS"
export CXXFLAGS="$CFLAGS"
export LDFLAGS="--sysroot=$SYSROOT -fPIE -pie -L$NDK_ROOT/platforms/android-23/arch-x86_64/usr/lib/ -L$NDK_ROOT/sources/cxx-stl/stlport/libs/x86_64 -L$NDK_ROOT/sources/cxx-stl/llvm-libc++/libs/x86_64 -L$NDK_ROOT/sources/cxx-stl/gnu-libstdc++/4.9/libs/x86_64 -lstlport_shared -lm -lc++ -lc"
export CPATH="/opt/android-on-linux/android-ndk-r12/toolchains/x86_64-4.9/prebuilt/linux-x86_64/bin"
export CPP="$CPATH/x86_64-linux-android-cpp"
export CXX="$CPATH/x86_64-linux-android-g++"
export CC="$CPATH/x86_64-linux-android-gcc"
export LD="$CPATH/x86_64-linux-android-ld"
export AR="$CPATH/x86_64-linux-android-ar"

./configure --enable-user=root --enable-group=root --host=x86_64-android-linux --exec-prefix=/opt/android-on-linux/quagga/out --prefix=/opt/android-on-linux/quagga/out


----------------------------------------
[root@localhost quagga]# gedit Makefile
//INCLUDES = -I/usr/inet6/include
INCLUDES =
----------------------------------------

make -j4

make install

ll -h out/sbin
ll -h out/lib
ll -h out/etc

----------------------------------------
root@x86:/ # 
mount -o remount,rw /system
mount -o remount,rw /

----------------------------------------

adb shell mkdir /system/xbin/quagga/
adb shell mkdir -p /opt/android-on-linux/quagga/out/etc

adb push out/sbin/ /system/xbin/quagga/
adb push out/lib/libzebra.so /system/lib64/
adb push out/lib/libospf.so /system/lib64/
adb push out/lib/libospfapiclient.so /system/lib64/

adb push /opt/android-on-linux/android-ndk-r12/sources/cxx-stl/stlport/libs/x86_64/libstlport_shared.so /system/lib64/
adb push /opt/android-on-linux/android-ndk-r12/sources/cxx-stl/llvm-libc++/libs/x86_64/libc++_shared.so /system/lib64/

[root@localhost quagga]# 
cp out/etc/zebra.conf.sample out/etc/zebra.conf
cp out/etc/ospf6d.conf.sample out/etc/ospf6d.conf
gedit out/etc/ospf6d.conf
-----------------------------------------
interface eth0
 ipv6 ospf6 priority 1
 ipv6 ospf6 transmit-delay 1
 ipv6 ospf6 ifmtu 1500
 ipv6 ospf6 cost 1
 ipv6 ospf6 hello-interval 2
 ipv6 ospf6 dead-interval 6
 ipv6 ospf6 retransmit-interval 5
 ipv6 ospf6 network manet-designated-router
 ipv6 ospf6 ackinterval 1800
 ipv6 ospf6 backupwaitinterval 2000
 ipv6 ospf6 twohoprefresh 3
 ipv6 ospf6 hellorepeatcount 3
 ipv6 ospf6 adjacencyconnectivity biconnected
 ipv6 ospf6 lsafullness mdrfulllsa
 ipv6 ospf6 flood-delay 100
!
 
router ospf6
 instance-id 65
! router-id 10.1.0.1 (Note: Each node is not the same) (line 21)
 router-id 192.168.58.102
 interface eth0 area 0.0.0.0
 protocol-traffic-class 184
 redistribute ospf
 redistribute connected
!
-----------------------------------------

adb push out/etc/zebra.conf /opt/android-on-linux/quagga/out/etc/
adb push out/etc/ospf6d.conf /opt/android-on-linux/quagga/out/etc/

-----------------------------------------

root@x86_64:/ # 
/system/xbin/quagga/zebra -d
/system/xbin/quagga/ospf6d -d
ps
--------------------
root      3135  1     8112   732            0 7fa5ddac075a S /system/xbin/quagga/zebra
root      3138  1     8704   2344           0 7f8ae094a75a S /system/xbin/quagga/ospf6d
root      3139  3014  5800   1844           0 7f3fd2f7a457 R ps
--------------------

//  /system/xbin/quagga/zebra -d -f /etc/zebra.conf
//  /system/xbin/quagga/ospf6d -d -f /etc/ospf6d.conf

-----------------------------------------

adb connect 192.168.58.102:5555
adb devices
adb -s 192.168.58.102:5555 root
adb -s 192.168.58.102:5555 shell

adb disconnect 192.168.58.102:5555


----------------------------------------------------------------------

------------------------------------------------------------------------------------------------
------------------------------------------------------------------------------------------------
So far, cross compile successfully quagga-0.99.21mr2.2 for android-x86_64 in Fedora23
------------------------------------------------------------------------------------------------
------------------------------------------------------------------------------------------------

